<?xml version="1.0" encoding="UTF-8"?>
<testsuites>
    <testsuite name="title;i-type-in-an-unused-email-adress-and-a-password-i-should-be-able-to-create-an-account" tests="9" failures="0" skipped="8">
        <properties>
            <property name="URI" value="C:/Users/maxfa/Desktop/testverktyg/IMDB/features/search-IMDB.feature">
            </property>
        </properties>
        <testcase name="Given That I’m on the platform IMDb.com" classname="title;i-type-in-an-unused-email-adress-and-a-password-i-should-be-able-to-create-an-account" time="27.7429056">
        </testcase>
        <testcase name="When i press the button sign in" classname="title;i-type-in-an-unused-email-adress-and-a-password-i-should-be-able-to-create-an-account">
            <skipped message="">
            </skipped>
        </testcase>
        <testcase name="And press the button Create a New Account" classname="title;i-type-in-an-unused-email-adress-and-a-password-i-should-be-able-to-create-an-account">
            <skipped message="">
            </skipped>
        </testcase>
        <testcase name="And I enter my name &quot;Bertilsdotter&quot;" classname="title;i-type-in-an-unused-email-adress-and-a-password-i-should-be-able-to-create-an-account">
            <skipped message="">
            </skipped>
        </testcase>
        <testcase name="And I enter a email adress" classname="title;i-type-in-an-unused-email-adress-and-a-password-i-should-be-able-to-create-an-account">
            <skipped message="">
            </skipped>
        </testcase>
        <testcase name="And I type in a password &quot;bertilärbäst&quot;" classname="title;i-type-in-an-unused-email-adress-and-a-password-i-should-be-able-to-create-an-account">
            <skipped message="">
            </skipped>
        </testcase>
        <testcase name="And I re-enter the same password &quot;bertilärbäst&quot;" classname="title;i-type-in-an-unused-email-adress-and-a-password-i-should-be-able-to-create-an-account">
            <skipped message="">
            </skipped>
        </testcase>
        <testcase name="And I press Create your IMDb account" classname="title;i-type-in-an-unused-email-adress-and-a-password-i-should-be-able-to-create-an-account">
            <skipped message="">
            </skipped>
        </testcase>
        <testcase name="Then I should be automatically logged in to my account with the name &quot;Bertilsdotter&quot;" classname="title;i-type-in-an-unused-email-adress-and-a-password-i-should-be-able-to-create-an-account">
            <skipped message="">
            </skipped>
        </testcase>
    </testsuite>
    <testsuite name="title;as-a-user-i-want-to-be-able-to-search-on-titles-on-imdb" tests="5" failures="0" skipped="0">
        <properties>
            <property name="URI" value="C:/Users/maxfa/Desktop/testverktyg/IMDB/features/search-IMDB.feature">
            </property>
        </properties>
        <testcase name="Given That I’m on the platform IMDb.com" classname="title;as-a-user-i-want-to-be-able-to-search-on-titles-on-imdb" time="22.6460577">
        </testcase>
        <testcase name="When I enter the title &quot;Lion King&quot;" classname="title;as-a-user-i-want-to-be-able-to-search-on-titles-on-imdb" time="2.0288278">
        </testcase>
        <testcase name="And I press the categories button titles" classname="title;as-a-user-i-want-to-be-able-to-search-on-titles-on-imdb" time="2.8288105">
        </testcase>
        <testcase name="When I press the search button" classname="title;as-a-user-i-want-to-be-able-to-search-on-titles-on-imdb" time="8.001901599">
        </testcase>
        <testcase name="Then I should see the search results based on the title &quot;Lion King&quot;" classname="title;as-a-user-i-want-to-be-able-to-search-on-titles-on-imdb" time="3.0314026">
        </testcase>
    </testsuite>
    <testsuite name="title;as-a-user-i-want-to-be-able-to-search-on-imdb" tests="4" failures="0" skipped="0">
        <properties>
            <property name="URI" value="C:/Users/maxfa/Desktop/testverktyg/IMDB/features/search-IMDB.feature">
            </property>
        </properties>
        <testcase name="Given That I’m on the platform IMDb.com" classname="title;as-a-user-i-want-to-be-able-to-search-on-imdb" time="27.816625301">
        </testcase>
        <testcase name="When I enter &quot;Simpsons&quot; in the searchfield" classname="title;as-a-user-i-want-to-be-able-to-search-on-imdb" time="2.056874">
        </testcase>
        <testcase name="And I press the search button" classname="title;as-a-user-i-want-to-be-able-to-search-on-imdb" time="5.503843099">
        </testcase>
        <testcase name="Then I should see results based on my search" classname="title;as-a-user-i-want-to-be-able-to-search-on-imdb" time="2.271868901">
        </testcase>
    </testsuite>
</testsuites>